[2026-10-05 21:25:12,547] ubuntu/INFO/locust.main: Starting Locust 2.46.6
[2026-10-05 21:25:12,559] ubuntu/INFO/locust.main: Starting web interface at http://0.0.0.0:8089, press enter to open your default browser.
[2026-10-05 21:25:12,567] ubuntu/INFO/locust.runners: ubuntu_e15d28cbfbf240fd9a5bce4effbe7525 (index 0) reported as ready. 1 workers connected.
[2026-10-05 21:25:12,567] ubuntu/INFO/locust.runners: ubuntu_9836eafcceef47b3a7ae16c9bca11d22 (index 1) reported as ready. 2 workers connected.
[2026-10-05 21:25:12,568] ubuntu/INFO/locust.runners: ubuntu_cab559dae57943509ae22400bb3d592c (index 2) reported as ready. 3 workers connected.
[2026-10-05 21:25:12,568] ubuntu/INFO/locust.runners: ubuntu_a88b405aed7c4b31ab738ba1e5743054 (index 3) reported as ready. 4 workers connected.
[2026-10-05 21:25:12,568] ubuntu/INFO/locust.runners: ubuntu_b173e1784cb54a16ba0591432384771b (index 4) reported as ready. 5 workers connected.
[2026-10-05 21:25:12,568] ubuntu/INFO/locust.runners: ubuntu_6caf70d8a0df46568ccef0a87ac6cf86 (index 5) reported as ready. 6 workers connected.
[2026-10-05 21:25:12,568] ubuntu/INFO/locust.runners: ubuntu_4a566d840b514dd1805d7e9f62d56333 (index 6) reported as ready. 7 workers connected.
[2026-10-05 21:25:12,568] ubuntu/INFO/locust.runners: ubuntu_63aa8e75f3584ca3825ebaeb82f8773a (index 7) reported as ready. 8 workers connected.
[2026-10-05 21:25:13,569] ubuntu/INFO/locust.runners: Shape test starting.
[2026-10-05 21:25:13,569] ubuntu/INFO/locust.runners: Shape worker starting
[2026-10-05 21:25:13,569] ubuntu/INFO/locust.runners: Shape test updating to 64 users at 64.00 spawn rate
[2026-10-05 21:25:13,569] ubuntu/INFO/locust.runners: Sending spawn jobs of 64 users at 64.00 spawn rate to 8 ready workers
[2026-10-05 21:25:13,623] ubuntu/INFO/locust.runners: All users spawned: {"ChatUser": 64} (64 total users)
[2026-10-05 21:27:13,635] ubuntu/INFO/locust.runners: Shape test updating to 384 users at 384.00 spawn rate
[2026-10-05 21:27:13,635] ubuntu/INFO/locust.runners: Sending spawn jobs of 384 users at 384.00 spawn rate to 8 ready workers
[2026-10-05 21:27:13,688] ubuntu/INFO/locust.runners: All users spawned: {"ChatUser": 384} (384 total users)
[2026-10-05 21:33:13,847] ubuntu/INFO/locust.runners: Shape test updating to 64 users at 64.00 spawn rate
[2026-10-05 21:33:13,847] ubuntu/INFO/locust.runners: Sending spawn jobs of 64 users at 64.00 spawn rate to 8 ready workers
[2026-10-05 21:33:17,901] ubuntu/INFO/locust.runners: All users spawned: {"ChatUser": 64} (64 total users)
[2026-10-05 21:38:14,056] ubuntu/INFO/locust.runners: Shape test stopping
[2026-10-05 21:38:14,072] ubuntu/INFO/locust.runners: ubuntu_9836eafcceef47b3a7ae16c9bca11d22 (index 1) reported that it has stopped
[2026-10-05 21:38:14,073] ubuntu/INFO/locust.runners: ubuntu_9836eafcceef47b3a7ae16c9bca11d22 (index 1) reported as ready. 8 workers connected.
[2026-10-05 21:38:14,073] ubuntu/INFO/locust.runners: ubuntu_b173e1784cb54a16ba0591432384771b (index 4) reported that it has stopped
[2026-10-05 21:38:14,073] ubuntu/INFO/locust.runners: ubuntu_b173e1784cb54a16ba0591432384771b (index 4) reported as ready. 8 workers connected.
[2026-10-05 21:38:14,073] ubuntu/INFO/locust.runners: ubuntu_6caf70d8a0df46568ccef0a87ac6cf86 (index 5) reported that it has stopped
[2026-10-05 21:38:14,073] ubuntu/INFO/locust.runners: ubuntu_63aa8e75f3584ca3825ebaeb82f8773a (index 7) reported that it has stopped
[2026-10-05 21:38:14,073] ubuntu/INFO/locust.runners: ubuntu_4a566d840b514dd1805d7e9f62d56333 (index 6) reported that it has stopped
[2026-10-05 21:38:14,073] ubuntu/INFO/locust.runners: ubuntu_e15d28cbfbf240fd9a5bce4effbe7525 (index 0) reported that it has stopped
[2026-10-05 21:38:14,073] ubuntu/INFO/locust.runners: ubuntu_a88b405aed7c4b31ab738ba1e5743054 (index 3) reported that it has stopped
[2026-10-05 21:38:14,074] ubuntu/INFO/locust.runners: ubuntu_cab559dae57943509ae22400bb3d592c (index 2) reported that it has stopped
[2026-10-05 21:38:14,074] ubuntu/INFO/locust.runners: ubuntu_cab559dae57943509ae22400bb3d592c (index 2) reported as ready. 3 workers connected.
[2026-10-05 21:38:14,074] ubuntu/INFO/locust.runners: ubuntu_6caf70d8a0df46568ccef0a87ac6cf86 (index 5) reported as ready. 4 workers connected.
[2026-10-05 21:38:14,074] ubuntu/INFO/locust.runners: ubuntu_63aa8e75f3584ca3825ebaeb82f8773a (index 7) reported as ready. 5 workers connected.
[2026-10-05 21:38:14,074] ubuntu/INFO/locust.runners: ubuntu_4a566d840b514dd1805d7e9f62d56333 (index 6) reported as ready. 6 workers connected.
[2026-10-05 21:38:14,074] ubuntu/INFO/locust.runners: ubuntu_e15d28cbfbf240fd9a5bce4effbe7525 (index 0) reported as ready. 7 workers connected.
[2026-10-05 21:38:14,075] ubuntu/INFO/locust.runners: ubuntu_a88b405aed7c4b31ab738ba1e5743054 (index 3) reported as ready. 8 workers connected.
[2026-10-05 21:38:15,057] ubuntu/INFO/locust.main: Shape test completed, stopping test
[2026-10-05 21:38:20,057] ubuntu/INFO/locust.main: --autoquit time reached, shutting down
[2026-10-05 21:38:20,058] ubuntu/INFO/locust.runners: Got quit message from master, shutting down...
[2026-10-05 21:38:20,058] ubuntu/INFO/locust.runners: Got quit message from master, shutting down...
[2026-10-05 21:38:20,058] ubuntu/INFO/locust.runners: Got quit message from master, shutting down...
[2026-10-05 21:38:20,058] ubuntu/INFO/locust.runners: Got quit message from master, shutting down...
[2026-10-05 21:38:20,058] ubuntu/INFO/locust.runners: Got quit message from master, shutting down...
[2026-10-05 21:38:20,058] ubuntu/INFO/locust.runners: Got quit message from master, shutting down...
[2026-10-05 21:38:20,058] ubuntu/INFO/locust.runners: Got quit message from master, shutting down...
[2026-10-05 21:38:20,058] ubuntu/INFO/locust.runners: Got quit message from master, shutting down...
[2026-10-05 21:38:20,058] ubuntu/INFO/locust.main: Shutting down (exit code 0)
[2026-10-05 21:38:20,058] ubuntu/INFO/locust.main: Shutting down (exit code 0)
[2026-10-05 21:38:20,058] ubuntu/INFO/locust.main: Shutting down (exit code 0)
[2026-10-05 21:38:20,058] ubuntu/INFO/locust.main: Shutting down (exit code 0)
[2026-10-05 21:38:20,058] ubuntu/INFO/locust.main: Shutting down (exit code 0)
[2026-10-05 21:38:20,058] ubuntu/INFO/locust.main: Shutting down (exit code 0)
[2026-10-05 21:38:20,058] ubuntu/INFO/locust.main: Shutting down (exit code 0)
[2026-10-05 21:38:20,058] ubuntu/INFO/locust.main: Shutting down (exit code 0)
[2026-10-05 21:38:20,059] ubuntu/INFO/locust.runners: Worker 'ubuntu_6caf70d8a0df46568ccef0a87ac6cf86' (index 5) quit. 7 workers ready.
[2026-10-05 21:38:20,059] ubuntu/INFO/locust.runners: Worker 'ubuntu_b173e1784cb54a16ba0591432384771b' (index 4) quit. 6 workers ready.
[2026-10-05 21:38:20,059] ubuntu/INFO/locust.runners: Worker 'ubuntu_a88b405aed7c4b31ab738ba1e5743054' (index 3) quit. 5 workers ready.
[2026-10-05 21:38:20,059] ubuntu/INFO/locust.runners: Worker 'ubuntu_63aa8e75f3584ca3825ebaeb82f8773a' (index 7) quit. 4 workers ready.
[2026-10-05 21:38:20,059] ubuntu/INFO/locust.runners: Worker 'ubuntu_cab559dae57943509ae22400bb3d592c' (index 2) quit. 3 workers ready.
[2026-10-05 21:38:20,059] ubuntu/INFO/locust.runners: Worker 'ubuntu_9836eafcceef47b3a7ae16c9bca11d22' (index 1) quit. 2 workers ready.
[2026-10-05 21:38:20,059] ubuntu/INFO/locust.runners: Worker 'ubuntu_4a566d840b514dd1805d7e9f62d56333' (index 6) quit. 1 workers ready.
[2026-10-05 21:38:20,059] ubuntu/INFO/locust.runners: Worker 'ubuntu_e15d28cbfbf240fd9a5bce4effbe7525' (index 0) quit. 0 workers ready.
[2026-10-05 21:38:20,059] ubuntu/INFO/locust.runners: The last worker quit, stopping test.
[2026-10-05 21:38:21,088] ubuntu/INFO/locust.main: Shutting down (exit code 1)
Type     Name                                                                          # reqs      # fails |    Avg     Min     Max    Med |   req/s  failures/s
--------|----------------------------------------------------------------------------|-------|-------------|-------|-------|-------|-------|--------|-----------
TOTAL    long_generation                                                                 4430    16(0.36%) |  15287    3807   35561  16000 |    5.68        0.02
TTFT     long_generation                                                                 4430     0(0.00%) |    758      37    5010     81 |    5.68        0.00
TOTAL    multi_turn                                                                      7617     5(0.07%) |   4889     478   31704   3400 |    9.76        0.01
TTFT     multi_turn                                                                      7617     0(0.00%) |    717      43    5005     85 |    9.76        0.00
TOTAL    short_qa                                                                       10595     1(0.01%) |   1453      67   30113    650 |   13.57        0.00
TTFT     short_qa                                                                       10595     0(0.00%) |    744      31    5066     80 |   13.57        0.00
TOTAL    summarization                                                                   7608    10(0.13%) |   5755    1167   32817   4500 |    9.75        0.01
TTFT     summarization                                                                   7608     0(0.00%) |    731      43    5094    100 |    9.75        0.00
--------|----------------------------------------------------------------------------|-------|-------------|-------|-------|-------|-------|--------|-----------
         Aggregated                                                                     60500    32(0.05%) |   3081      31   35561    570 |   77.52        0.04

Response time percentiles (approximated)
Type     Name                                                                                  50%    66%    75%    80%    90%    95%    98%    99%  99.9% 99.99%   100% # reqs
--------|--------------------------------------------------------------------------------|--------|------|------|------|------|------|------|------|------|------|------|------
TOTAL    long_generation                                                                     16000  18000  19000  20000  29000  32000  33000  33000  34000  36000  36000   4430
TTFT     long_generation                                                                        81    100    120    130   4200   4500   4700   4800   5000   5000   5000   4430
TOTAL    multi_turn                                                                           3400   6000   6600   7100  11000  14000  15000  16000  19000  32000  32000   7617
TTFT     multi_turn                                                                             85    110    120    140   4200   4500   4700   4800   4900   5000   5000   7617
TOTAL    short_qa                                                                              650    960   1600   1700   5100   6200   6700   6900   7300   7600  30000  10595
TTFT     short_qa                                                                               80    100    120    140   4200   4500   4700   4800   5000   5000   5100  10595
TOTAL    summarization                                                                        4500   6300   7400   9100  12000  14000  17000  18000  31000  33000  33000   7608
TTFT     summarization                                                                         100    120    140    150   4200   4500   4700   4800   5000   5100   5100   7608
--------|--------------------------------------------------------------------------------|--------|------|------|------|------|------|------|------|------|------|------|------
         Aggregated                                                                            570   2800   4400   5000   7800  15000  19000  27000  33000  34000  36000  60500

Error report
# occurrences      Error                                                                                               
------------------|---------------------------------------------------------------------------------------------------------------------------------------------
5                  TOTAL multi_turn: Exception('ChunkedEncodingError: Response ended prematurely')                     
16                 TOTAL long_generation: Exception('ChunkedEncodingError: Response ended prematurely')                
10                 TOTAL summarization: Exception('ChunkedEncodingError: Response ended prematurely')                  
1                  TOTAL short_qa: Exception('ChunkedEncodingError: Response ended prematurely')                       
------------------|---------------------------------------------------------------------------------------------------------------------------------------------

